# serializer version: 1
# name: test_command_from_external_plugin
  '''
  +------------------------+
  | key      | value       |
  |----------+-------------|
  | GREETING | Hello John! |
  +------------------------+
  
  '''
# ---
# name: test_snow_help
  '''
                                                                                  
   Usage: snow [OPTIONS] COMMAND [ARGS]...                                        
                                                                                  
   SnowCLI - A CLI for Snowflake                                                  
                                                                                  
  ╭─ Options ────────────────────────────────────────────────────────────────────╮
  │ --version                                              Shows version of the  │
  │                                                        snowcli               │
  │ --info                                                 Shows information     │
  │                                                        about the snowcli     │
  │ --config-file                   FILE                   Specifies snowcli     │
  │                                                        configuration file    │
  │                                                        that should be used   │
  │                                                        [default: None]       │
  │ --disable-external-co…                                 Disable external      │
  │                                                        command plugins       │
  │ --install-completion            [bash|zsh|fish|powers  Install completion    │
  │                                 hell|pwsh]             for the specified     │
  │                                                        shell.                │
  │                                                        [default: None]       │
  │ --show-completion               [bash|zsh|fish|powers  Show completion for   │
  │                                 hell|pwsh]             the specified shell,  │
  │                                                        to copy it or         │
  │                                                        customize the         │
  │                                                        installation.         │
  │                                                        [default: None]       │
  │ --help                  -h                             Show this message and │
  │                                                        exit.                 │
  ╰──────────────────────────────────────────────────────────────────────────────╯
  ╭─ Commands ───────────────────────────────────────────────────────────────────╮
  │ app         Manage Native Apps in Snowflake                                  │
  │ connection  Manages connections to Snowflake.                                │
  │ object      Manages Snowflake objects like warehouses and stages             │
  │ snowpark    Manage procedures and functions.                                 │
  │ spcs        Manages Snowpark services, pools, jobs, image registries, and    │
  │             image repositories.                                              │
  │ sql         Executes Snowflake query.                                        │
  │ streamlit   Manages Streamlit in Snowflake.                                  │
  ╰──────────────────────────────────────────────────────────────────────────────╯
  
  
  '''
# ---
# name: test_snow_sql
  '''
  select ln(10)
  +-------------------+
  | LN(10)            |
  |-------------------|
  | 2.302585092994046 |
  +-------------------+
  
  '''
# ---
# name: test_snow_streamlit_init
  '''
  Initialized the new project in streamlit_test/
  
  '''
# ---
