*EVALUATION : UHKN8901PI POPULATION, KUNIA, UH EXP.1989-6                             DSSAT Cropping System Model Ver. 4.7.1.001 -release      OCT 16, 2018; 15:49:34

@RUN EXCODE        TN RN CR   FDAPS   FDAPM   MDAPS   MDAPM   HDAPS   HDAPM   FWAHS   FWAHM  YDWAHS  YDWAHM  BADMFS  BADMFM  BADMHS  BADMHM  VWATMS  VWATMM   LAIXS   LAIXM   L#SMS   L#SMM   HIAMS   HIAMM   E#AMS   E#AMM   E#UMS   E#UMM   EWUMS   EWUMM   CNAMS   CNAMM
   1 UHKN8901PI     1  1 PI     460     460     678     685     678     653   26.13   55.33    3.14     -99     9.3   14.39    13.8   36.20    7.83   30.19    2.83    4.54    40.6     -99   0.227     -99     219     496    86.0     190   1.429   1.512   121.7     -99
   2 UHKN8901PI     2  1 PI     460     460     675     691     675     657   46.83   79.88    5.62     -99    13.4   22.97    20.6   39.50   10.77   30.83    4.26    5.85    36.8     -99   0.272     -99     394     913    78.8     175   1.425   1.312   167.7     -99
   3 UHKN8901PI     3  1 PI     460     460     673     701     673     664   64.26   104.1    7.71     -99    16.1   27.36    25.4   45.78   12.44   34.47    5.25    7.63    34.5     -99   0.304     -99     553    1174    75.1     150   1.395   1.152   220.6     -99
   4 UHKN8901PI     4  1 PI     460     460     671     707     671     670   71.74   124.2    8.61     -99    18.3   29.00    28.2   51.62   13.52   38.13    6.06    8.15    33.1     -99   0.305     -99     685    1257    73.1     125   1.257   1.012   207.3     -99
   5 UHKN8901PI     5  1 PI     460     460     669     711     669     677   77.18   140.2    9.26     -99    19.7   27.57    30.0   54.03   14.12   38.81    6.57    9.52    31.5     -99   0.309     -99     826    1281    71.0     100   1.121   0.912   234.9     -99
