*INFO DETAIL FILE

******************************************************************************

*DSSAT Cropping System Model Ver. 4.7.1.001 -release      OCT 16, 2018; 15:49:34
                                                                                
*RUN   1        : Plant Population 2.61 p/m PIALO047 UHKN8901    1              
 MODEL          : PIALO047 - Pineapple                                          
 EXPERIMENT     : UHKN8901 PI POPULATION, KUNIA, UH EXP.1989-6                  
 DATA PATH      : C:\DSSAT47\PINEAPPLE\                                         
 TREATMENT  1   : Plant Population 2.61 p/m PIALO047                            
  

 CSM     YEAR DOY = 1989 160
 RNMODE = B                                                                    
 PATHEX = C:\DSSAT47\PINEAPPLE\                                                
 FILEX  = UHKN8901.PIX                                                         
 FILEB  = DSSBatch.v47                                                         
 FILEIO = DSSAT47.INP                                                          
 MODEL  = PIALO047                                                             
 TRTNUM =     1                                                                

 SOILDYN  YEAR DOY = 1989 160
 The soil file has missing or invalid data.                                    
 Default values have been used for these variables:                            
   CEC, STONES, ADCOEF                                                         
 These defaults may or may not be important to your results.                   

 RETC  YEAR DOY = 1989 160
 Soil RETC parameters:                                                         
  LYR DS  SWCN   WCR    Hb Lambd  Alpha     m     n Texture                    
   1   5-99.00 0.084   1.4 0.176  0.020 0.189 1.233 ClayLoam                   
   2  15-99.00 0.088   1.0 0.160  0.023 0.179 1.219 ClayLoam                   
   3  30-99.00 0.091   0.6 0.145  0.027 0.170 1.205 ClayLoam                   
   4  45-99.00 0.095   3.5 0.150  0.013 0.152 1.179 ClayLoam                   
   5  60-99.00 0.098   4.9 0.147  0.010 0.147 1.172 ClayLoam                   
   6  90-99.00 0.096   6.7 0.156  0.008 0.153 1.181 ClayLoam                   
   7 110-99.00 0.099   7.8 0.164  0.007 0.160 1.191 ClayLoam                   

 SOILDYN  YEAR DOY = 1989 160
 Soil ID: IBPI910013                                                           
 WAIPIO                                                                        
 CLAYEY, KAOLINITIC, ISOHYPERTH, TROPEPTIC EUTRUSTO                            
   SALB SWCON    CN  DMOD  SLPF SMPX                                           
   0.14  0.60  60.0  1.00  1.00 IB001                                          
 Soil layer distribution method: 1                                             
      DS DLAYR    LL   DUL   SAT  Root    BD    OC  CLAY  SILT  SAND           
 LYR  cm    cm  frac  frac  frac  Grow g/cm3     %     %     %     %    pH     
   1   5     5 0.220 0.350 0.550 1.000  1.00  2.27  30.0  30.0  40.0   6.3     
   2  15    10 0.230 0.350 0.550 1.000  1.00  2.27  30.0  30.0  40.0   6.3     
   3  30    15 0.240 0.350 0.550 0.800  1.05  1.10  30.0  30.0  40.0   5.8     
   4  45    15 0.250 0.370 0.480 0.400  1.17  1.41  30.0  30.0  40.0   5.8     
   5  60    15 0.257 0.377 0.467 0.267  1.20  0.86  30.0  30.0  40.0   5.9     
   6  90    30 0.253 0.380 0.460 0.100  1.22  0.44  30.0  30.0  40.0   6.0     
   7 110    20 0.260 0.400 0.480 0.020  1.17  0.27  30.0  30.0  40.0   6.0     

 SOILDYN  YEAR DOY = 1989 160
 Additional soil properties                                                    
                Convert                                                        
    Cation Adsrp  ppm /  SLCF                                                  
   L  Exch  Coef  kg/ha     %                                                  
   1  15.5   0.0   2.00   0.0                                                  
   2  15.5   0.0   1.00   0.0                                                  
   3  15.5   0.0   0.63   0.0                                                  
   4  15.5   0.0   0.57   0.0                                                  
   5  15.5   0.0   0.56   0.0                                                  
   6  15.5   0.0   0.27   0.0                                                  
   7  15.5   0.0   0.43   0.0                                                  

 IPWTH   YEAR DOY = 1989 160
 C:\DSSAT47\Weather\UHKN8903.WTH                                               
 Found daily weather data headers for:                                         
   SRAD           Col   7 -  11                                                
   TMAX           Col  13 -  17                                                
   TMIN           Col  19 -  23                                                
   RAIN           Col  25 -  29                                                

 CO2VAL  YEAR DOY = 1989 160
  714 CO2 data points read from file.                                          
 C:\DSSAT47\StandardData\CO2047.WDA                                            

 SENLIG  YEAR DOY = 1989 160
 Default values used for plant lignin fractions.                               

 ENDRUN  YEAR DOY = 1991 114
 Normal end of run        1                                                    

******************************************************************************

*DSSAT Cropping System Model Ver. 4.7.1.001 -release      OCT 16, 2018; 15:49:34
                                                                                
*RUN   2        : Plant Population 5.22 p/m PIALO047 UHKN8901    2              
 MODEL          : PIALO047 - Pineapple                                          
 EXPERIMENT     : UHKN8901 PI POPULATION, KUNIA, UH EXP.1989-6                  
 DATA PATH      : C:\DSSAT47\PINEAPPLE\                                         
 TREATMENT  2   : Plant Population 5.22 p/m PIALO047                            
  

 CSM     YEAR DOY = 1989 160
 RNMODE = B                                                                    
 PATHEX = C:\DSSAT47\PINEAPPLE\                                                
 FILEX  = UHKN8901.PIX                                                         
 FILEB  = DSSBatch.v47                                                         
 FILEIO = DSSAT47.INP                                                          
 MODEL  = PIALO047                                                             
 TRTNUM =     2                                                                

 SOILDYN  YEAR DOY = 1989 160
 The soil file has missing or invalid data.                                    
 Default values have been used for these variables:                            
   CEC, STONES, ADCOEF                                                         
 These defaults may or may not be important to your results.                   

 RETC  YEAR DOY = 1989 160
 Soil RETC parameters:                                                         
  LYR DS  SWCN   WCR    Hb Lambd  Alpha     m     n Texture                    
   1   5-99.00 0.084   1.4 0.176  0.020 0.189 1.233 ClayLoam                   
   2  15-99.00 0.088   1.0 0.160  0.023 0.179 1.219 ClayLoam                   
   3  30-99.00 0.091   0.6 0.145  0.027 0.170 1.205 ClayLoam                   
   4  45-99.00 0.095   3.5 0.150  0.013 0.152 1.179 ClayLoam                   
   5  60-99.00 0.098   4.9 0.147  0.010 0.147 1.172 ClayLoam                   
   6  90-99.00 0.096   6.7 0.156  0.008 0.153 1.181 ClayLoam                   
   7 110-99.00 0.099   7.8 0.164  0.007 0.160 1.191 ClayLoam                   

 SOILDYN  YEAR DOY = 1989 160
 Soil ID: IBPI910013                                                           
 WAIPIO                                                                        
 CLAYEY, KAOLINITIC, ISOHYPERTH, TROPEPTIC EUTRUSTO                            
   SALB SWCON    CN  DMOD  SLPF SMPX                                           
   0.14  0.60  60.0  1.00  1.00 IB001                                          
 Soil layer distribution method: 1                                             
      DS DLAYR    LL   DUL   SAT  Root    BD    OC  CLAY  SILT  SAND           
 LYR  cm    cm  frac  frac  frac  Grow g/cm3     %     %     %     %    pH     
   1   5     5 0.220 0.350 0.550 1.000  1.00  2.27  30.0  30.0  40.0   6.3     
   2  15    10 0.230 0.350 0.550 1.000  1.00  2.27  30.0  30.0  40.0   6.3     
   3  30    15 0.240 0.350 0.550 0.800  1.05  1.10  30.0  30.0  40.0   5.8     
   4  45    15 0.250 0.370 0.480 0.400  1.17  1.41  30.0  30.0  40.0   5.8     
   5  60    15 0.257 0.377 0.467 0.267  1.20  0.86  30.0  30.0  40.0   5.9     
   6  90    30 0.253 0.380 0.460 0.100  1.22  0.44  30.0  30.0  40.0   6.0     
   7 110    20 0.260 0.400 0.480 0.020  1.17  0.27  30.0  30.0  40.0   6.0     

 SOILDYN  YEAR DOY = 1989 160
 Additional soil properties                                                    
                Convert                                                        
    Cation Adsrp  ppm /  SLCF                                                  
   L  Exch  Coef  kg/ha     %                                                  
   1  15.5   0.0   2.00   0.0                                                  
   2  15.5   0.0   1.00   0.0                                                  
   3  15.5   0.0   0.63   0.0                                                  
   4  15.5   0.0   0.57   0.0                                                  
   5  15.5   0.0   0.56   0.0                                                  
   6  15.5   0.0   0.27   0.0                                                  
   7  15.5   0.0   0.43   0.0                                                  

 ENDRUN  YEAR DOY = 1991 111
 Normal end of run        2                                                    

******************************************************************************

*DSSAT Cropping System Model Ver. 4.7.1.001 -release      OCT 16, 2018; 15:49:36
                                                                                
*RUN   3        : Plant Population 7.83 p/m PIALO047 UHKN8901    3              
 MODEL          : PIALO047 - Pineapple                                          
 EXPERIMENT     : UHKN8901 PI POPULATION, KUNIA, UH EXP.1989-6                  
 DATA PATH      : C:\DSSAT47\PINEAPPLE\                                         
 TREATMENT  3   : Plant Population 7.83 p/m PIALO047                            
  

 CSM     YEAR DOY = 1989 160
 RNMODE = B                                                                    
 PATHEX = C:\DSSAT47\PINEAPPLE\                                                
 FILEX  = UHKN8901.PIX                                                         
 FILEB  = DSSBatch.v47                                                         
 FILEIO = DSSAT47.INP                                                          
 MODEL  = PIALO047                                                             
 TRTNUM =     3                                                                

 SOILDYN  YEAR DOY = 1989 160
 The soil file has missing or invalid data.                                    
 Default values have been used for these variables:                            
   CEC, STONES, ADCOEF                                                         
 These defaults may or may not be important to your results.                   

 RETC  YEAR DOY = 1989 160
 Soil RETC parameters:                                                         
  LYR DS  SWCN   WCR    Hb Lambd  Alpha     m     n Texture                    
   1   5-99.00 0.084   1.4 0.176  0.020 0.189 1.233 ClayLoam                   
   2  15-99.00 0.088   1.0 0.160  0.023 0.179 1.219 ClayLoam                   
   3  30-99.00 0.091   0.6 0.145  0.027 0.170 1.205 ClayLoam                   
   4  45-99.00 0.095   3.5 0.150  0.013 0.152 1.179 ClayLoam                   
   5  60-99.00 0.098   4.9 0.147  0.010 0.147 1.172 ClayLoam                   
   6  90-99.00 0.096   6.7 0.156  0.008 0.153 1.181 ClayLoam                   
   7 110-99.00 0.099   7.8 0.164  0.007 0.160 1.191 ClayLoam                   

 SOILDYN  YEAR DOY = 1989 160
 Soil ID: IBPI910013                                                           
 WAIPIO                                                                        
 CLAYEY, KAOLINITIC, ISOHYPERTH, TROPEPTIC EUTRUSTO                            
   SALB SWCON    CN  DMOD  SLPF SMPX                                           
   0.14  0.60  60.0  1.00  1.00 IB001                                          
 Soil layer distribution method: 1                                             
      DS DLAYR    LL   DUL   SAT  Root    BD    OC  CLAY  SILT  SAND           
 LYR  cm    cm  frac  frac  frac  Grow g/cm3     %     %     %     %    pH     
   1   5     5 0.220 0.350 0.550 1.000  1.00  2.27  30.0  30.0  40.0   6.3     
   2  15    10 0.230 0.350 0.550 1.000  1.00  2.27  30.0  30.0  40.0   6.3     
   3  30    15 0.240 0.350 0.550 0.800  1.05  1.10  30.0  30.0  40.0   5.8     
   4  45    15 0.250 0.370 0.480 0.400  1.17  1.41  30.0  30.0  40.0   5.8     
   5  60    15 0.257 0.377 0.467 0.267  1.20  0.86  30.0  30.0  40.0   5.9     
   6  90    30 0.253 0.380 0.460 0.100  1.22  0.44  30.0  30.0  40.0   6.0     
   7 110    20 0.260 0.400 0.480 0.020  1.17  0.27  30.0  30.0  40.0   6.0     

 SOILDYN  YEAR DOY = 1989 160
 Additional soil properties                                                    
                Convert                                                        
    Cation Adsrp  ppm /  SLCF                                                  
   L  Exch  Coef  kg/ha     %                                                  
   1  15.5   0.0   2.00   0.0                                                  
   2  15.5   0.0   1.00   0.0                                                  
   3  15.5   0.0   0.63   0.0                                                  
   4  15.5   0.0   0.57   0.0                                                  
   5  15.5   0.0   0.56   0.0                                                  
   6  15.5   0.0   0.27   0.0                                                  
   7  15.5   0.0   0.43   0.0                                                  

 ENDRUN  YEAR DOY = 1991 109
 Normal end of run        3                                                    

******************************************************************************

*DSSAT Cropping System Model Ver. 4.7.1.001 -release      OCT 16, 2018; 15:49:36
                                                                                
*RUN   4        : Plant Population 10.1 p/m PIALO047 UHKN8901    4              
 MODEL          : PIALO047 - Pineapple                                          
 EXPERIMENT     : UHKN8901 PI POPULATION, KUNIA, UH EXP.1989-6                  
 DATA PATH      : C:\DSSAT47\PINEAPPLE\                                         
 TREATMENT  4   : Plant Population 10.1 p/m PIALO047                            
  

 CSM     YEAR DOY = 1989 160
 RNMODE = B                                                                    
 PATHEX = C:\DSSAT47\PINEAPPLE\                                                
 FILEX  = UHKN8901.PIX                                                         
 FILEB  = DSSBatch.v47                                                         
 FILEIO = DSSAT47.INP                                                          
 MODEL  = PIALO047                                                             
 TRTNUM =     4                                                                

 SOILDYN  YEAR DOY = 1989 160
 The soil file has missing or invalid data.                                    
 Default values have been used for these variables:                            
   CEC, STONES, ADCOEF                                                         
 These defaults may or may not be important to your results.                   

 RETC  YEAR DOY = 1989 160
 Soil RETC parameters:                                                         
  LYR DS  SWCN   WCR    Hb Lambd  Alpha     m     n Texture                    
   1   5-99.00 0.084   1.4 0.176  0.020 0.189 1.233 ClayLoam                   
   2  15-99.00 0.088   1.0 0.160  0.023 0.179 1.219 ClayLoam                   
   3  30-99.00 0.091   0.6 0.145  0.027 0.170 1.205 ClayLoam                   
   4  45-99.00 0.095   3.5 0.150  0.013 0.152 1.179 ClayLoam                   
   5  60-99.00 0.098   4.9 0.147  0.010 0.147 1.172 ClayLoam                   
   6  90-99.00 0.096   6.7 0.156  0.008 0.153 1.181 ClayLoam                   
   7 110-99.00 0.099   7.8 0.164  0.007 0.160 1.191 ClayLoam                   

 SOILDYN  YEAR DOY = 1989 160
 Soil ID: IBPI910013                                                           
 WAIPIO                                                                        
 CLAYEY, KAOLINITIC, ISOHYPERTH, TROPEPTIC EUTRUSTO                            
   SALB SWCON    CN  DMOD  SLPF SMPX                                           
   0.14  0.60  60.0  1.00  1.00 IB001                                          
 Soil layer distribution method: 1                                             
      DS DLAYR    LL   DUL   SAT  Root    BD    OC  CLAY  SILT  SAND           
 LYR  cm    cm  frac  frac  frac  Grow g/cm3     %     %     %     %    pH     
   1   5     5 0.220 0.350 0.550 1.000  1.00  2.27  30.0  30.0  40.0   6.3     
   2  15    10 0.230 0.350 0.550 1.000  1.00  2.27  30.0  30.0  40.0   6.3     
   3  30    15 0.240 0.350 0.550 0.800  1.05  1.10  30.0  30.0  40.0   5.8     
   4  45    15 0.250 0.370 0.480 0.400  1.17  1.41  30.0  30.0  40.0   5.8     
   5  60    15 0.257 0.377 0.467 0.267  1.20  0.86  30.0  30.0  40.0   5.9     
   6  90    30 0.253 0.380 0.460 0.100  1.22  0.44  30.0  30.0  40.0   6.0     
   7 110    20 0.260 0.400 0.480 0.020  1.17  0.27  30.0  30.0  40.0   6.0     

 SOILDYN  YEAR DOY = 1989 160
 Additional soil properties                                                    
                Convert                                                        
    Cation Adsrp  ppm /  SLCF                                                  
   L  Exch  Coef  kg/ha     %                                                  
   1  15.5   0.0   2.00   0.0                                                  
   2  15.5   0.0   1.00   0.0                                                  
   3  15.5   0.0   0.63   0.0                                                  
   4  15.5   0.0   0.57   0.0                                                  
   5  15.5   0.0   0.56   0.0                                                  
   6  15.5   0.0   0.27   0.0                                                  
   7  15.5   0.0   0.43   0.0                                                  

 ENDRUN  YEAR DOY = 1991 107
 Normal end of run        4                                                    

******************************************************************************

*DSSAT Cropping System Model Ver. 4.7.1.001 -release      OCT 16, 2018; 15:49:37
                                                                                
*RUN   5        : Plant Population 12.8 p/m PIALO047 UHKN8901    5              
 MODEL          : PIALO047 - Pineapple                                          
 EXPERIMENT     : UHKN8901 PI POPULATION, KUNIA, UH EXP.1989-6                  
 DATA PATH      : C:\DSSAT47\PINEAPPLE\                                         
 TREATMENT  5   : Plant Population 12.8 p/m PIALO047                            
  

 CSM     YEAR DOY = 1989 160
 RNMODE = B                                                                    
 PATHEX = C:\DSSAT47\PINEAPPLE\                                                
 FILEX  = UHKN8901.PIX                                                         
 FILEB  = DSSBatch.v47                                                         
 FILEIO = DSSAT47.INP                                                          
 MODEL  = PIALO047                                                             
 TRTNUM =     5                                                                

 SOILDYN  YEAR DOY = 1989 160
 The soil file has missing or invalid data.                                    
 Default values have been used for these variables:                            
   CEC, STONES, ADCOEF                                                         
 These defaults may or may not be important to your results.                   

 RETC  YEAR DOY = 1989 160
 Soil RETC parameters:                                                         
  LYR DS  SWCN   WCR    Hb Lambd  Alpha     m     n Texture                    
   1   5-99.00 0.084   1.4 0.176  0.020 0.189 1.233 ClayLoam                   
   2  15-99.00 0.088   1.0 0.160  0.023 0.179 1.219 ClayLoam                   
   3  30-99.00 0.091   0.6 0.145  0.027 0.170 1.205 ClayLoam                   
   4  45-99.00 0.095   3.5 0.150  0.013 0.152 1.179 ClayLoam                   
   5  60-99.00 0.098   4.9 0.147  0.010 0.147 1.172 ClayLoam                   
   6  90-99.00 0.096   6.7 0.156  0.008 0.153 1.181 ClayLoam                   
   7 110-99.00 0.099   7.8 0.164  0.007 0.160 1.191 ClayLoam                   

 SOILDYN  YEAR DOY = 1989 160
 Soil ID: IBPI910013                                                           
 WAIPIO                                                                        
 CLAYEY, KAOLINITIC, ISOHYPERTH, TROPEPTIC EUTRUSTO                            
   SALB SWCON    CN  DMOD  SLPF SMPX                                           
   0.14  0.60  60.0  1.00  1.00 IB001                                          
 Soil layer distribution method: 1                                             
      DS DLAYR    LL   DUL   SAT  Root    BD    OC  CLAY  SILT  SAND           
 LYR  cm    cm  frac  frac  frac  Grow g/cm3     %     %     %     %    pH     
   1   5     5 0.220 0.350 0.550 1.000  1.00  2.27  30.0  30.0  40.0   6.3     
   2  15    10 0.230 0.350 0.550 1.000  1.00  2.27  30.0  30.0  40.0   6.3     
   3  30    15 0.240 0.350 0.550 0.800  1.05  1.10  30.0  30.0  40.0   5.8     
   4  45    15 0.250 0.370 0.480 0.400  1.17  1.41  30.0  30.0  40.0   5.8     
   5  60    15 0.257 0.377 0.467 0.267  1.20  0.86  30.0  30.0  40.0   5.9     
   6  90    30 0.253 0.380 0.460 0.100  1.22  0.44  30.0  30.0  40.0   6.0     
   7 110    20 0.260 0.400 0.480 0.020  1.17  0.27  30.0  30.0  40.0   6.0     

 SOILDYN  YEAR DOY = 1989 160
 Additional soil properties                                                    
                Convert                                                        
    Cation Adsrp  ppm /  SLCF                                                  
   L  Exch  Coef  kg/ha     %                                                  
   1  15.5   0.0   2.00   0.0                                                  
   2  15.5   0.0   1.00   0.0                                                  
   3  15.5   0.0   0.63   0.0                                                  
   4  15.5   0.0   0.57   0.0                                                  
   5  15.5   0.0   0.56   0.0                                                  
   6  15.5   0.0   0.27   0.0                                                  
   7  15.5   0.0   0.43   0.0                                                  

 ENDRUN  YEAR DOY = 1991 105
 Normal end of run        5                                                    
