 NREP  EXP  TRT  NYR FILEX        DESCRIPTION
    1    1    1    1 UHKN8901.PIX
    2    1    2    1 UHKN8901.PIX
    3    1    3    1 UHKN8901.PIX
    4    1    4    1 UHKN8901.PIX
    5    1    5    1 UHKN8901.PIX
