
*SOIL N BALANCE - CENTURY ROUTINES

*DSSAT Cropping System Model Ver. 4.7.1.001 -release      OCT 16, 2018; 15:49:34

!                     |------------------- N State Variables -------------------| |------------ N Additions ------------| |---------- N Subtractions -----------| |-Mineralization--|
!                                                                                   Harvest   Applied                                             N gas     Flood    Miner-    Immob-  Seasonal
!                       Surface      SOM1      SOM2      SOM3    Litter     Inorg   Residue   Residue  Fertiliz   Senesed   Leached    Uptake    Losses    Losses    alized    ilized   Balance
@Run FILEX         TN      SN0D     S1NTD     S2NTD     S3NTD      LNTD      NIAD      HRNH     RESNC      NICM     SNNTC      NLCM      NUCM     NGasC      RNRO      NMNC      NIMC   SEASBAL
   1 UHKN8901.PIX INIT    10.60      0.00  11396.67      0.00      1.80      0.00
   1 UHKN8901.PIX   1     10.60      0.00  11137.43      0.00      0.61     85.93      0.00      0.00      0.00      0.00     78.08    118.36      3.35      0.00    260.43      0.00      0.00
   2 UHKN8901.PIX   2     10.60      0.00  11140.15      0.00      0.61     96.19      0.00      0.00     51.00      0.00     79.15    138.75     14.42      0.00    257.71      0.00     -0.00
   3 UHKN8901.PIX   3     10.60      0.00  11140.28      0.00      0.61    146.79      0.00      0.00    201.00      0.00     95.88    166.76     70.03      0.00    257.58      0.00      0.00
   4 UHKN8901.PIX   4     10.60      0.00  11140.67      0.00      0.61     75.05      0.00      0.00      0.00      0.00     82.83    129.15      3.16      0.00    257.19      0.00     -0.00
   5 UHKN8901.PIX   5     10.60      0.00  11141.60      0.00      0.61    103.04      0.00      0.00     51.00      0.00     79.78    130.07     12.77      0.00    256.25      0.00     -0.00
