*SUMMARY : UHKN8901PI POPULATION, KUNIA, UH EXP.1989-6                             DSSAT Cropping System Model Ver. 4.7.1.001 -release      OCT 16, 2018; 15:49:34

!IDENTIFIERS......................... EXPERIMENT AND TREATMENT.......... SITE INFORMATION............ DATES..........................................  DRY WEIGHT, YIELD AND YIELD COMPONENTS........................................  WATER...............................................  NITROGEN............................................  PHOSPHORUS............  POTASSIUM.............  ORGANIC MATTER..........................................    WATER PRODUCTIVITY..................................................    NITROGEN PRODUCTIVITY...........  SEASONAL ENVIRONMENTAL DATA (Planting to harvest)..............
@   RUNNO   TRNO R# O# C# CR MODEL... EXNAME.. TNAM..................... FNAM.... WSTA.... SOIL_ID...    SDAT    PDAT    EDAT    ADAT    MDAT    HDAT  DWAP    CWAM    HWAM    HWAH    BWAH  PWAM    HWUM    H#AM    H#UM  HIAM  LAIX  IR#M  IRCM  PRCM  ETCM  EPCM  ESCM  ROCM  DRCM  SWXM  NI#M  NICM  NFXM  NUCM  NLCM  NIAM  CNAM  GNAM N2OEC  PI#M  PICM  PUPC  SPAM  KI#M  KICM  KUPC  SKAM  RECM  ONTAM   ONAM  OPTAM   OPAM   OCTAM    OCAM   CO2EC    DMPPM    DMPEM    DMPTM    DMPIM     YPPM     YPEM     YPTM     YPIM    DPNAM    DPNUM    YPNAM    YPNUM  NDCH TMAXA TMINA SRADA DAYLA   CO2A   PRCP   ETCP   ESCP   EPCP
        1      1  1  0  0 PI PIALO047 UHKN8901 Plant Population 2.61 p/m UHKN0001 UHKN8903 IBPI910013 1989160 1989166       0 1990261 1991114 1991114    23   13804    3136    3136       0   162   1.429     219    86.0 0.227   2.8    24   304  1428  1309   810   427    97   330    66     0     0     0   118    78    86   122     0   -99   -99   -99   -99   -99   -99   -99   -99   -99     0  11149  11138      0      0  112188  111388     -99      9.7     10.6     17.0     45.4      2.2      2.4      3.9     10.3      -99    117.0      -99     26.6   678  30.0  18.7  16.1  11.9  354.0 1426.9 1296.7  419.5  809.8
        2      2  1  0  0 PI PIALO047 UHKN8901 Plant Population 5.22 p/m UHKN0001 UHKN8903 IBPI910013 1989160 1989166       0 1990261 1991111 1991111    23   20638    5619    5619       0   147   1.425     394    78.8 0.272   4.3    24   304  1427  1316   912   333    97   310    79     3    51     0   139    79    96   168     0   -99   -99   -99   -99   -99   -99   -99   -99   -99     0  11151  11141      0      0  112215  111415     -99     14.5     15.8     22.6     67.9      3.9      4.3      6.2     18.5    404.7    148.5    110.2     40.4   675  30.0  18.7  16.1  11.9  354.0 1426.4 1303.7  325.7  912.2
        3      3  1  0  0 PI PIALO047 UHKN8901 Plant Population 7.83 p/m UHKN0001 UHKN8903 IBPI910013 1989160 1989166       0 1990261 1991109 1991109    23   25407    7712    7712       0   136   1.395     553    75.1 0.304   5.2    24   304  1427  1312   972   272    97   305    88     3   201     0   167    96   147   221     0   -99   -99   -99   -99   -99   -99   -99   -99   -99     0  11151  11141      0      0  112217  111417     -99     17.8     19.6     26.1     83.6      5.4      5.9      7.9     25.4    126.4    152.1     38.4     46.2   673  30.0  18.7  16.1  11.9  354.0 1426.4 1299.5  264.8  972.5
        4      4  1  0  0 PI PIALO047 UHKN8901 Plant Population 10.1 p/m UHKN0001 UHKN8903 IBPI910013 1989160 1989166       0 1990261 1991107 1991107    23   28190    8609    8609       0   119   1.257     685    73.1 0.305   6.1    24   304  1427  1305  1011   232    97   300    99     0     0     0   129    83    75   207     0   -99   -99   -99   -99   -99   -99   -99   -99   -99     0  11152  11141      0      0  112221  111421     -99     19.8     21.8     27.9     92.7      6.0      6.7      8.5     28.3      -99    218.5      -99     66.7   671  30.0  18.7  16.1  11.9  354.0 1425.9 1292.5  225.2 1010.7
        5      5  1  0  0 PI PIALO047 UHKN8901 Plant Population 12.8 p/m UHKN0001 UHKN8903 IBPI910013 1989160 1989166       0 1990261 1991105 1991105    23   30020    9262    9262       0   104   1.121     826    71.0 0.309   6.6    24   304  1424  1294  1033   202    97   301   106     3    51     0   130    80   103   235     0   -99   -99   -99   -99   -99   -99   -99   -99   -99     0  11153  11142      0      0  112230  111430     -99     21.1     23.4     29.1     98.8      6.5      7.2      9.0     30.5    588.6    230.9    181.6     71.2   669  30.0  18.7  16.1  11.9  354.0 1423.4 1281.8  195.5 1032.7
