*WARNING DETAIL FILE

******************************************************************************

*DSSAT Cropping System Model Ver. 4.7.1.001 -release      OCT 16, 2018; 15:49:34
                                                                                
*RUN   1        : Plant Population 2.61 p/m PIALO047 UHKN8901    1              
 MODEL          : PIALO047 - Pineapple                                          
 EXPERIMENT     : UHKN8901 PI POPULATION, KUNIA, UH EXP.1989-6                  
 DATA PATH      : C:\DSSAT47\PINEAPPLE\                                         
 TREATMENT  1   : Plant Population 2.61 p/m PIALO047                            
  

 IPSOIL  YEAR DOY =    0   0
 Saturated hydraulic conductivity equal to zero for one or more soil layers.   
 Data will be treated as missing.                                              

 IPWTH   YEAR DOY = 1989 160
 Value of TAV, average annual soil temperature, is missing.                    
 A default value of 20.0ºC is being used for this simulation,                  
 which may produce inaccurate results.                                         

 IPWTH   YEAR DOY = 1989 160
 Value of TAMP, amplitude of soil temperature function, is missing.            
 A default value of  5.0ºC is being used for this simulation,                  
 which may produce inaccurate results.                                         

******************************************************************************

*DSSAT Cropping System Model Ver. 4.7.1.001 -release      OCT 16, 2018; 15:49:34
                                                                                
*RUN   2        : Plant Population 5.22 p/m PIALO047 UHKN8901    2              
 MODEL          : PIALO047 - Pineapple                                          
 EXPERIMENT     : UHKN8901 PI POPULATION, KUNIA, UH EXP.1989-6                  
 DATA PATH      : C:\DSSAT47\PINEAPPLE\                                         
 TREATMENT  2   : Plant Population 5.22 p/m PIALO047                            
  

 IPSOIL  YEAR DOY =    0   0
 Saturated hydraulic conductivity equal to zero for one or more soil layers.   
 Data will be treated as missing.                                              

******************************************************************************

*DSSAT Cropping System Model Ver. 4.7.1.001 -release      OCT 16, 2018; 15:49:36
                                                                                
*RUN   3        : Plant Population 7.83 p/m PIALO047 UHKN8901    3              
 MODEL          : PIALO047 - Pineapple                                          
 EXPERIMENT     : UHKN8901 PI POPULATION, KUNIA, UH EXP.1989-6                  
 DATA PATH      : C:\DSSAT47\PINEAPPLE\                                         
 TREATMENT  3   : Plant Population 7.83 p/m PIALO047                            
  

 IPSOIL  YEAR DOY =    0   0
 Saturated hydraulic conductivity equal to zero for one or more soil layers.   
 Data will be treated as missing.                                              

******************************************************************************

*DSSAT Cropping System Model Ver. 4.7.1.001 -release      OCT 16, 2018; 15:49:36
                                                                                
*RUN   4        : Plant Population 10.1 p/m PIALO047 UHKN8901    4              
 MODEL          : PIALO047 - Pineapple                                          
 EXPERIMENT     : UHKN8901 PI POPULATION, KUNIA, UH EXP.1989-6                  
 DATA PATH      : C:\DSSAT47\PINEAPPLE\                                         
 TREATMENT  4   : Plant Population 10.1 p/m PIALO047                            
  

 IPSOIL  YEAR DOY =    0   0
 Saturated hydraulic conductivity equal to zero for one or more soil layers.   
 Data will be treated as missing.                                              

******************************************************************************

*DSSAT Cropping System Model Ver. 4.7.1.001 -release      OCT 16, 2018; 15:49:37
                                                                                
*RUN   5        : Plant Population 12.8 p/m PIALO047 UHKN8901    5              
 MODEL          : PIALO047 - Pineapple                                          
 EXPERIMENT     : UHKN8901 PI POPULATION, KUNIA, UH EXP.1989-6                  
 DATA PATH      : C:\DSSAT47\PINEAPPLE\                                         
 TREATMENT  5   : Plant Population 12.8 p/m PIALO047                            
  

 IPSOIL  YEAR DOY =    0   0
 Saturated hydraulic conductivity equal to zero for one or more soil layers.   
 Data will be treated as missing.                                              
